// Jest Snapshot v1, https://goo.gl/fbAQLP

exports[`vue plugin: vue plugin dist/component.css 1`] = `".main-content[data-v-50cf076c]{margin:0 auto;font-family:sans-serif;background-color:#ccf7e2;padding:10px;border-radius:5px;max-width:500px}"`;

exports[`vue plugin: vue plugin dist/component.js 1`] = `
"'use strict';

function _interopDefault (ex) { return (ex && (typeof ex === 'object') && 'default' in ex) ? ex['default'] : ex; }

var __vue_normalize__ = _interopDefault(require('../../../node_modules/rollup-plugin-vue/runtime/normalize.js'));

//
//
//
//
//
//
//
var script = {
  name: 'main-content',
  data: () => ({
    name: 'Tom'
  })
};

/* script */
const __vue_script__ = script;
/* template */

var __vue_render__ = function () {
  var _vm = this;

  var _h = _vm.$createElement;

  var _c = _vm._self._c || _h;

  return _c('div', {
    staticClass: \\"main-content\\"
  }, [_c('h1', [_vm._v(\\"This is your first component in Vue\\")]), _vm._v(\\" \\"), _c('h3', [_vm._v(_vm._s(_vm.name))])]);
};

var __vue_staticRenderFns__ = [];
/* style */

const __vue_inject_styles__ = undefined;
/* scoped */

const __vue_scope_id__ = \\"data-v-50cf076c\\";
/* module identifier */

const __vue_module_identifier__ = undefined;
/* functional template */

const __vue_is_functional_template__ = false;
/* style inject */

/* style inject SSR */

/* style inject shadow dom */

var component = __vue_normalize__({
  render: __vue_render__,
  staticRenderFns: __vue_staticRenderFns__
}, __vue_inject_styles__, __vue_script__, __vue_scope_id__, __vue_is_functional_template__, __vue_module_identifier__, false, undefined, undefined, undefined);

module.exports = component;
"
`;
